......................................                                   [100%]
- generated xml file: /kaggle/working/merchmix_agent_workflow_v2/test_reports/pytest_results.xml -
38 passed in 15.04s
